// Jest Snapshot v1, https://goo.gl/fbAQLP

exports[`Test if the Title component is working as expected <Title /> matches snapshot 1`] = `
<div>
  <h1
    class="text-blue-900 text-xl font-semibold text-center my-10"
  >
     
  </h1>
</div>
`;
